2026-02-12T08:28:24.090Z [console][warn] Clerk: Clerk has been loaded with development keys. Development instances have strict usage limits and should not be used when deploying your application to production. Learn more: https://clerk.com/docs/deployments/overview
2026-02-12T08:28:24.391Z [network][GET 200] 
  response: {"response":{"object":"client","id":"client_39YqWlET6yzWsa1LHFVPTNlOR5j","sessions":[],"sign_in":null,"sign_up":null,"last_active_session_id":null,"last_authentication_strategy":null,"cookie_expires_at":null,"captcha_bypass":false,"created_at":1770883385738,"updated_at":1770883385741},"client":null}
2026-02-12T08:28:24.412Z [network][POST 200] 
  response: {"auth_config":{"object":"auth_config","id":"aac_39ViZoX4RxulkBeNadLNrEjzDo8","first_name":"on","last_name":"on","email_address":"on","phone_number":"off","username":"off","password":"required","identification_requirements":[["email_address","oauth_github","oauth_google"],[]],"identification_strategies":["email_address","oauth_github","oauth_google"],"first_factors":["email_code","oauth_github","oauth_google","password","reset_password_email_code","ticket"],"second_factors":[],"email_address_verification_strategies":["email_code"],"single_session_mode":true,"enhanced_email_deliverability":false,"test_mode":true,"cookieless_dev":true,"url_based_session_syncing":true,"claimed_at":null,"reverification":true},"display_config":{"object":"display_config","id":"display_config_39ViZo8TJsx7k1FKB0NegAobuie","instance_environment_type":"development","application_name":"Cortex","theme":{"buttons":{"font_color":"#ffffff","font_family":"\"Source Sans Pro\", sans-serif","font_weight":"600"},"general":{"color":"#6c47ff","padding":"1em","box_shadow":"0 2px 8px rgba(0, 0, 0, 0.2)","font_color":"#151515","font_family":"\"Source Sans Pro\", sans-serif","border_radius":"0.5em","background_color":"#ffffff","label_font_weight":"600"},"accounts":{"background_color":"#ffffff"}},"preferred_sign_in_strategy":"password","logo_image_url":"","favicon_image_url":"","home_url":"http://localhost:3000","sign_in_url":"https://actual-penguin-91.accounts.dev/sign-in","sign_up_url":"https://actual-penguin-91.accounts.dev/sign-up","user_profile_url":"https://actual-penguin-91.accounts.dev/user","waitlist_url":"https://actual-penguin-91.accounts.dev/waitlist","after_sign_in_url":"http://localhost:3000","after_sign_up_url":"http://localhost:3000","after_sign_out_one_url":"https://actual-penguin-91.accounts.dev/sign-in/choose","after_sign_out_all_url":"https://actual-penguin-91.accounts.dev/sign-in","after_switch_session_url":"http://localhost:3000","after_join_waitlist_url":"http://localhost:3000","organiz... [truncated]
2026-02-12T09:01:03.898Z [console][warn] Clerk: Clerk has been loaded with development keys. Development instances have strict usage limits and should not be used when deploying your application to production. Learn more: https://clerk.com/docs/deployments/overview
2026-02-12T09:01:04.181Z [network][GET 200] 
  response: {"response":{"object":"client","id":"client_39YqWlET6yzWsa1LHFVPTNlOR5j","sessions":[],"sign_in":null,"sign_up":null,"last_active_session_id":null,"last_authentication_strategy":null,"cookie_expires_at":null,"captcha_bypass":false,"created_at":1770883385738,"updated_at":1770883385741},"client":null}
2026-02-12T09:01:04.196Z [network][POST 200] 
  response: {"auth_config":{"object":"auth_config","id":"aac_39ViZoX4RxulkBeNadLNrEjzDo8","first_name":"on","last_name":"on","email_address":"on","phone_number":"off","username":"off","password":"required","identification_requirements":[["email_address","oauth_github","oauth_google"],[]],"identification_strategies":["email_address","oauth_github","oauth_google"],"first_factors":["email_code","oauth_github","oauth_google","password","reset_password_email_code","ticket"],"second_factors":[],"email_address_verification_strategies":["email_code"],"single_session_mode":true,"enhanced_email_deliverability":false,"test_mode":true,"cookieless_dev":true,"url_based_session_syncing":true,"claimed_at":null,"reverification":true},"display_config":{"object":"display_config","id":"display_config_39ViZo8TJsx7k1FKB0NegAobuie","instance_environment_type":"development","application_name":"Cortex","theme":{"buttons":{"font_color":"#ffffff","font_family":"\"Source Sans Pro\", sans-serif","font_weight":"600"},"general":{"color":"#6c47ff","padding":"1em","box_shadow":"0 2px 8px rgba(0, 0, 0, 0.2)","font_color":"#151515","font_family":"\"Source Sans Pro\", sans-serif","border_radius":"0.5em","background_color":"#ffffff","label_font_weight":"600"},"accounts":{"background_color":"#ffffff"}},"preferred_sign_in_strategy":"password","logo_image_url":"","favicon_image_url":"","home_url":"http://localhost:3000","sign_in_url":"https://actual-penguin-91.accounts.dev/sign-in","sign_up_url":"https://actual-penguin-91.accounts.dev/sign-up","user_profile_url":"https://actual-penguin-91.accounts.dev/user","waitlist_url":"https://actual-penguin-91.accounts.dev/waitlist","after_sign_in_url":"http://localhost:3000","after_sign_up_url":"http://localhost:3000","after_sign_out_one_url":"https://actual-penguin-91.accounts.dev/sign-in/choose","after_sign_out_all_url":"https://actual-penguin-91.accounts.dev/sign-in","after_switch_session_url":"http://localhost:3000","after_join_waitlist_url":"http://localhost:3000","organiz... [truncated]
2026-02-12T09:03:48.966Z [console][error] A tree hydrated but some attributes of the server rendered HTML didn't match the client properties. This won't be patched up. This can happen if a SSR-ed Client Component used:

- A server/client branch `if (typeof window !== 'undefined')`.
- Variable input such as `Date.now()` or `Math.random()` which changes each time it's called.
- Date formatting in a user's locale which doesn't match the server.
- External changing data without sending a snapshot of it along with the HTML.
- Invalid HTML tag nesting.

It can also happen if the client has a browser extension installed which messes with the HTML before React loaded.

%s%s https://react.dev/link/hydration-mismatch 

  ...
    <RedirectErrorBoundary router={{...}}>
      <Head>
      <__next_root_layout_boundary__>
        <SegmentViewNode type="layout" pagePath="/orchids-p...">
          <SegmentTrieNode>
          <link>
          <script>
          <script>
          <script>
          <script>
          <script>
          <script>
          <script>
          <RootLayout>
            <html data-orchids-id="src\app\la..." data-orchids-name="html" lang="en" className="dark">
              <body data-orchids-id="src\app\la..." data-orchids-name="body" className="geist_a715...">
                <Providers data-orchids-id="src\app\la..." data-orchids-name="Providers">
                  <WagmiProvider data-orchids-id="src\compon..." data-orchids-name="WagmiProvider" ...>
                    <Hydrate data-orchids-id="src\compon..." data-orchids-name="WagmiProvider" ...>
                      <QueryClientProvider data-orchids-id="src\compon..." data-orchids-name="QueryClien..." client={{}}>
                        <PlayerProvider data-orchids-id="src\app\la..." data-orchids-name="PlayerProv...">
                          <div data-orchids-id="src\app\la..." data-orchids-name="div" className="flex min-h...">
                            <Sidebar data-orchids-id="src\app\la..." data-orchids-name="Sidebar">
               ...
2026-02-12T09:07:14.197Z [network][POST 200] 
  response: {"auth_config":{"object":"auth_config","id":"aac_39ViZoX4RxulkBeNadLNrEjzDo8","first_name":"on","last_name":"on","email_address":"on","phone_number":"off","username":"off","password":"required","identification_requirements":[["email_address","oauth_github","oauth_google"],[]],"identification_strategies":["email_address","oauth_github","oauth_google"],"first_factors":["email_code","oauth_github","oauth_google","password","reset_password_email_code","ticket"],"second_factors":[],"email_address_verification_strategies":["email_code"],"single_session_mode":true,"enhanced_email_deliverability":false,"test_mode":true,"cookieless_dev":true,"url_based_session_syncing":true,"claimed_at":null,"reverification":true},"display_config":{"object":"display_config","id":"display_config_39ViZo8TJsx7k1FKB0NegAobuie","instance_environment_type":"development","application_name":"Cortex","theme":{"buttons":{"font_color":"#ffffff","font_family":"\"Source Sans Pro\", sans-serif","font_weight":"600"},"general":{"color":"#6c47ff","padding":"1em","box_shadow":"0 2px 8px rgba(0, 0, 0, 0.2)","font_color":"#151515","font_family":"\"Source Sans Pro\", sans-serif","border_radius":"0.5em","background_color":"#ffffff","label_font_weight":"600"},"accounts":{"background_color":"#ffffff"}},"preferred_sign_in_strategy":"password","logo_image_url":"","favicon_image_url":"","home_url":"http://localhost:3000","sign_in_url":"https://actual-penguin-91.accounts.dev/sign-in","sign_up_url":"https://actual-penguin-91.accounts.dev/sign-up","user_profile_url":"https://actual-penguin-91.accounts.dev/user","waitlist_url":"https://actual-penguin-91.accounts.dev/waitlist","after_sign_in_url":"http://localhost:3000","after_sign_up_url":"http://localhost:3000","after_sign_out_one_url":"https://actual-penguin-91.accounts.dev/sign-in/choose","after_sign_out_all_url":"https://actual-penguin-91.accounts.dev/sign-in","after_switch_session_url":"http://localhost:3000","after_join_waitlist_url":"http://localhost:3000","organiz... [truncated]
2026-02-12T09:07:14.218Z [network][GET 200] 
  response: {"response":{"object":"client","id":"client_39YqWlET6yzWsa1LHFVPTNlOR5j","sessions":[],"sign_in":null,"sign_up":null,"last_active_session_id":null,"last_authentication_strategy":null,"cookie_expires_at":null,"captcha_bypass":false,"created_at":1770883385738,"updated_at":1770883385741},"client":null}
2026-02-12T09:09:06.447Z [network][GET 204] http://localhost:3000/
2026-02-12T09:21:45.694Z [console][warn] [AuthTokenListener] Setting up IPC listener, electronAPI available: false
2026-02-12T09:21:45.694Z [console][warn] [AuthTokenListener] electronAPI.onAuthToken not available (not in Electron?)
2026-02-12T09:21:45.769Z [console][error] Clerk: Clerk has been loaded with development keys. Development instances have strict usage limits and should not be used when deploying your application to production. Learn more: https://clerk.com/docs/deployments/overview
2026-02-12T09:21:45.769Z [console][warn] Clerk: Clerk has been loaded with development keys. Development instances have strict usage limits and should not be used when deploying your application to production. Learn more: https://clerk.com/docs/deployments/overview
2026-02-12T09:21:46.072Z [network][GET 200] 
  response: {"response":{"object":"client","id":"client_39YqWlET6yzWsa1LHFVPTNlOR5j","sessions":[],"sign_in":null,"sign_up":null,"last_active_session_id":null,"last_authentication_strategy":null,"cookie_expires_at":null,"captcha_bypass":false,"created_at":1770883385738,"updated_at":1770883385741},"client":null}
2026-02-12T09:21:46.077Z [network][POST 200] 
  response: {"auth_config":{"object":"auth_config","id":"aac_39ViZoX4RxulkBeNadLNrEjzDo8","first_name":"on","last_name":"on","email_address":"on","phone_number":"off","username":"off","password":"required","identification_requirements":[["email_address","oauth_github","oauth_google"],[]],"identification_strategies":["email_address","oauth_github","oauth_google"],"first_factors":["email_code","oauth_github","oauth_google","password","reset_password_email_code","ticket"],"second_factors":[],"email_address_verification_strategies":["email_code"],"single_session_mode":true,"enhanced_email_deliverability":false,"test_mode":true,"cookieless_dev":true,"url_based_session_syncing":true,"claimed_at":null,"reverification":true},"display_config":{"object":"display_config","id":"display_config_39ViZo8TJsx7k1FKB0NegAobuie","instance_environment_type":"development","application_name":"Cortex","theme":{"buttons":{"font_color":"#ffffff","font_family":"\"Source Sans Pro\", sans-serif","font_weight":"600"},"general":{"color":"#6c47ff","padding":"1em","box_shadow":"0 2px 8px rgba(0, 0, 0, 0.2)","font_color":"#151515","font_family":"\"Source Sans Pro\", sans-serif","border_radius":"0.5em","background_color":"#ffffff","label_font_weight":"600"},"accounts":{"background_color":"#ffffff"}},"preferred_sign_in_strategy":"password","logo_image_url":"","favicon_image_url":"","home_url":"http://localhost:3000","sign_in_url":"https://actual-penguin-91.accounts.dev/sign-in","sign_up_url":"https://actual-penguin-91.accounts.dev/sign-up","user_profile_url":"https://actual-penguin-91.accounts.dev/user","waitlist_url":"https://actual-penguin-91.accounts.dev/waitlist","after_sign_in_url":"http://localhost:3000","after_sign_up_url":"http://localhost:3000","after_sign_out_one_url":"https://actual-penguin-91.accounts.dev/sign-in/choose","after_sign_out_all_url":"https://actual-penguin-91.accounts.dev/sign-in","after_switch_session_url":"http://localhost:3000","after_join_waitlist_url":"http://localhost:3000","organiz... [truncated]
